// Jest Snapshot v1, https://goo.gl/fbAQLP

exports[`getToken Saga should dispatch the authLoggedIn action if it requests the data successfully 1`] = `
Object {
  "@@redux-saga/IO": true,
  "combinator": false,
  "payload": Object {
    "args": Array [
      Object {
        "data": Object {
          "password": "1234456",
          "userId": "Nila",
        },
        "method": "post",
        "url": "/login/user",
      },
    ],
    "context": null,
    "fn": [Function],
  },
  "type": "CALL",
}
`;

exports[`getToken Saga should dispatch unknown error 1`] = `
Object {
  "@@redux-saga/IO": true,
  "combinator": false,
  "payload": Object {
    "args": Array [
      Object {
        "data": Object {
          "password": "1234456",
          "userId": "Nila",
        },
        "method": "post",
        "url": "/login/user",
      },
    ],
    "context": null,
    "fn": [Function],
  },
  "type": "CALL",
}
`;

exports[`getToken Saga should dispatch user not found 1`] = `
Object {
  "@@redux-saga/IO": true,
  "combinator": false,
  "payload": Object {
    "args": Array [
      Object {
        "data": Object {
          "password": "1234456",
          "userId": "Nila",
        },
        "method": "post",
        "url": "/login/user",
      },
    ],
    "context": null,
    "fn": [Function],
  },
  "type": "CALL",
}
`;
