// Jest Snapshot v1, https://goo.gl/fbAQLP

exports[`Container Matching the snapshot 1`] = `<DocumentFragment />`;

exports[`Container Matching the snapshot when loading 1`] = `
<DocumentFragment>
  .c0 {
  height: 100%;
  width: 100%;
}

.c2 {
  margin-right: auto;
  margin-left: auto;
  max-width: 100%;
  box-sizing: border-box;
}

.c5 {
  box-sizing: border-box;
  display: -webkit-box;
  display: -webkit-flex;
  display: -ms-flexbox;
  display: flex;
  -webkit-flex: 1 1 auto;
  -ms-flex: 1 1 auto;
  flex: 1 1 auto;
  -webkit-flex-wrap: wrap;
  -ms-flex-wrap: wrap;
  flex-wrap: wrap;
}

.c1 {
  display: -webkit-box;
  display: -webkit-flex;
  display: -ms-flexbox;
  display: flex;
  -webkit-align-items: center;
  -webkit-box-align: center;
  -ms-flex-align: center;
  align-items: center;
  width: 100%;
  height: 100vh;
  background-image: linear-gradient(258deg,#93dc6d 5%,#1f9cc3);
  background-repeat: no-repeat;
  background-size: cover;
}

.c3 {
  display: -webkit-box;
  display: -webkit-flex;
  display: -ms-flexbox;
  display: flex;
  -webkit-flex-direction: column;
  -ms-flex-direction: column;
  flex-direction: column;
  -webkit-align-items: center;
  -webkit-box-align: center;
  -ms-flex-align: center;
  align-items: center;
  width: 100%;
  height: 50%;
  color: white;
  padding-left: 0px;
  padding-right: 0px;
}

.c4 {
  font-size: 52px;
  font-weight: 100;
  text-align: center;
  margin: 0;
  padding-top: 50px;
  padding-bottom: 10px;
}

.c6 {
  display: -webkit-box;
  display: -webkit-flex;
  display: -ms-flexbox;
  display: flex;
  -webkit-flex-direction: column;
  -ms-flex-direction: column;
  flex-direction: column;
  -webkit-box-pack: center;
  -webkit-justify-content: center;
  -ms-flex-pack: center;
  justify-content: center;
  -webkit-align-items: center;
  -webkit-box-align: center;
  -ms-flex-align: center;
  align-items: center;
  font-size: 16px;
  background: transparent;
  padding: 20px 0;
}

.c7 {
  border: 0;
  background-color: green;
  border: 1px solid transparent;
  color: white;
  padding: 26px 0;
  text-align: center;
  font-size: 14px;
  width: 250px;
}

.c7:hover {
  cursor: pointer;
  background: green;
  border: 1px solid green;
}

.c7:focus {
  background: green;
  border: 1px solid green;
}

@media only screen and (min-width:1rem) {
  .c2 {
    padding-left: 1rem;
    padding-right: 1rem;
  }
}

@media only screen and (min-width:48rem) {
  .c2 {
    padding-left: 1rem;
    padding-right: 1rem;
  }
}

@media only screen and (min-width:64rem) {
  .c2 {
    padding-left: 1.5rem;
    padding-right: 1.5rem;
  }
}

@media only screen and (min-width:90rem) {
  .c2 {
    padding-left: 1.5rem;
    padding-right: 1.5rem;
  }
}

@media only screen and (min-width:120rem) {
  .c2 {
    padding-left: 1.5rem;
    padding-right: 1.5rem;
  }
}

@media only screen and (min-width:1rem) {
  .c2 {
    width: 100%;
  }
}

@media only screen and (min-width:48rem) {
  .c2 {
    width: 100%;
  }
}

@media only screen and (min-width:64rem) {
  .c2 {
    width: 100%;
  }
}

@media only screen and (min-width:90rem) {
  .c2 {
    width: 90rem;
  }
}

@media only screen and (min-width:120rem) {
  .c2 {
    width: 90rem;
  }
}

@media only screen and (min-width:1rem) {
  .c5 {
    margin-left: -0.5rem;
    margin-right: -0.5rem;
  }
}

@media only screen and (min-width:48rem) {
  .c5 {
    margin-left: -0.5rem;
    margin-right: -0.5rem;
  }
}

@media only screen and (min-width:64rem) {
  .c5 {
    margin-left: -0.75rem;
    margin-right: -0.75rem;
  }
}

@media only screen and (min-width:90rem) {
  .c5 {
    margin-left: -0.75rem;
    margin-right: -0.75rem;
  }
}

@media only screen and (min-width:120rem) {
  .c5 {
    margin-left: -0.75rem;
    margin-right: -0.75rem;
  }
}

<div
    class="containers__AppContainer-h6s92r-0"
  >
    <div
      class="c0"
    >
      <div
        class="c1"
      >
        <div
          class="c2 c3"
        >
          <p
            class="c4"
          >
            Welcome Home
          </p>
          <div
            class="c5 c6"
          >
            <button
              class="c7"
            >
              Logout
            </button>
          </div>
        </div>
      </div>
    </div>
  </div>
</DocumentFragment>
`;

exports[`Container Matching the snapshot when logged in 1`] = `
<DocumentFragment>
  .c0 {
  height: 100%;
  width: 100%;
}

<div
    class="containers__AppContainer-h6s92r-0"
  >
    <div
      class="c0"
    >
      <div>
        Loading...
      </div>
    </div>
  </div>
</DocumentFragment>
`;

exports[`Container Matching the snapshot when logging error 1`] = `<DocumentFragment />`;
