// Jest Snapshot v1, https://goo.gl/fbAQLP

exports[`Page Not Found Matching the snapshot 1`] = `
<DocumentFragment>
  .c0 {
  height: 100vh;
  display: -webkit-box;
  display: -webkit-flex;
  display: -ms-flexbox;
  display: flex;
  -webkit-align-items: center;
  -webkit-box-align: center;
  -ms-flex-align: center;
  align-items: center;
  -webkit-box-pack: center;
  -webkit-justify-content: center;
  -ms-flex-pack: center;
  justify-content: center;
  -webkit-flex-direction: column;
  -ms-flex-direction: column;
  flex-direction: column;
  min-height: 320px;
}

.c1 {
  margin-top: -8vh;
  font-weight: bold;
  font-size: 3.375rem;
}

.c1 span {
  font-size: 3.125rem;
}

.c2 {
  font-size: 16px;
  line-height: 1.5;
  margin: 10px 0 24px 0;
}

<div
    class="c0"
  >
    <div
      class="c1"
    >
      4
      <span
        aria-label="Crying Face"
        role="img"
      >
        ðŸ˜¢
      </span>
      4
    </div>
    <p
      class="c2"
    >
      Page not found.
    </p>
    <a
      href="/"
    >
      Return to Home Page
    </a>
  </div>
</DocumentFragment>
`;
