// Jest Snapshot v1, https://goo.gl/fbAQLP

exports[`App Matching the snapshot 1`] = `[Function]`;
